// Vitest Snapshot v1, https://vitest.dev/guide/snapshot.html

exports[`Socket.IO binding for AsyncAPI > Version > Should have certain value 1`] = `"0.11.0"`;
